exports[`<Screen /> default render snapshot 1`] = `
<div
  className="content list-screen ">
  <div
    className="content-left">
    <div
      className="heading">
      <select
        className="form-control select "
        id="domain"
        onChange={[Function]}
        value="域一">
        <option
          value="域一">
          域一
        </option>
        <option
          value="域一">
          域一
        </option>
      </select>
      <div
        className="searchText "
        onBlur={[Function]}
        onFocus={[Function]}
        onKeyDown={[Function]}>
        <input
          className="form-control"
          onChange={[Function]}
          placeholder="app.input.device.name"
          type="search"
          value="" />
        <ul
          className="" />
        <span
          className="glyphicon glyphicon-search"
          onClick={[Function]} />
      </div>
    </div>
    <div
      className="table-container">
      <div
        className="table-responsive undefined">
        <table
          className="table table-hover">
          <thead>
            <tr>
              <th>
                app.device.name
              </th>
              <th>
                app.online.state
              </th>
              <th>
                app.fault.state
              </th>
              <th>
                app.current.brightness
              </th>
              <th>
                app.brightness.mode
              </th>
              <th>
                app.update.time
              </th>
            </tr>
          </thead>
          <tbody />
        </table>
      </div>
      <ul
        className="rc-pagination page hidden"
        style={Object {}}
        unselectable="unselectable">
        <li
          aria-disabled={true}
          className="rc-pagination-disabled rc-pagination-prev"
          onClick={[Function]}
          onKeyPress={[Function]}
          tabIndex="0"
          title="上一页">
          <a>
            
          </a>
        </li>
        <li
          aria-disabled={true}
          className="rc-pagination-disabled rc-pagination-next"
          onClick={[Function]}
          onKeyPress={[Function]}
          tabIndex="0"
          title="下一页">
          <a>
            
          </a>
        </li>
        <div
          className="rc-pagination-options" />
      </ul>
    </div>
  </div>
  <div
    className="container-fluid sidebar-info ">
    <div
      className="row collapse-container"
      onClick={[Function]}>
      <span
        className="icon_verital" />
    </div>
    <div
      className="panel panel-default panel-1">
      <div
        className="panel-heading">
        <span
          className="icon_select" />
        sysOperation.selected.device
      </div>
      <div
        className="panel-body">
        <span
          title="">
          
        </span>
      </div>
    </div>
    <div
      className="panel panel-default panel-2">
      <div
        className="panel-heading">
        <span
          className="icon_touch" />
        app.device.operation
      </div>
      <div
        className="panel-body">
        <div>
          <span
            className="tit">
            app.device.switch
          </span>
          <select
            className="form-control select "
            disabled={true}
            id="deviceSwitch"
            onChange={[Function]}
            value="on">
            <option
              value="on">
              app.open
            </option>
            <option
              value="off">
              app.close
            </option>
          </select>
          <button
            className="btn btn-primary"
            disabled={true}
            id="deviceSwitch_btn"
            onClick={[Function]}>
            button.apply
          </button>
        </div>
      </div>
    </div>
  </div>
</div>
`;
