exports[`<SensorStrategy /> default render snapshot 1`] = `
<div
  className="content sensor-strategy">
  <div
    className="content-title">
    <div
      className="searchText "
      onBlur={[Function]}
      onFocus={[Function]}
      onKeyDown={[Function]}>
      <input
        className="form-control"
        onChange={[Function]}
        placeholder="输入策略名称"
        type="search"
        value="" />
      <ul
        className="" />
      <span
        className="glyphicon glyphicon-search"
        onClick={[Function]} />
    </div>
    <button
      className="btn btn-primary"
      id="add-sensor"
      onClick={[Function]}>
      添加
    </button>
  </div>
  <div
    className="content-body">
    <div
      className="table-responsive ">
      <table
        className="table table-hover">
        <thead>
          <tr>
            <th
              className="hidden">
              <input
                checked={undefined}
                onChange={[Function]}
                type="checkbox" />
            </th>
            <th>
              策略名称
            </th>
            <th>
              传感器类型
            </th>
            <th />
          </tr>
        </thead>
        <tbody>
          <tr
            className=""
            onClick={[Function]}>
            <td
              className="hidden">
              <input
                checked={undefined}
                onChange={[Function]}
                type="checkbox" />
            </td>
            <td>
              风速传感器1
            </td>
            <td>
              SENSOR_WINDS
            </td>
            <td
              className="edit">
              <a
                className="btn"
                onClick={[Function]}>
                <svg>
                  <use
                    className="logo_update"
                    height="200"
                    transform="scale(0.075,0.075)"
                    viewBox="1 -2 20 20"
                    width="200"
                    x="0"
                    xlinkHref="#logo_update"
                    y="0" />
                </svg>
                <span
                  className="update">
                  修改
                </span>
              </a>
              <a
                className="btn"
                onClick={[Function]}>
                <svg>
                  <use
                    className="logo_del"
                    height="200"
                    transform="scale(0.08,0.08)"
                    viewBox="1 -2 20 20"
                    width="200"
                    x="0"
                    xlinkHref="#logo_del"
                    y="0" />
                </svg>
                <span
                  className="del">
                  删除
                </span>
              </a>
            </td>
          </tr>
          <tr
            className=""
            onClick={[Function]}>
            <td
              className="hidden">
              <input
                checked={undefined}
                onChange={[Function]}
                type="checkbox" />
            </td>
            <td>
              风速传感器2
            </td>
            <td>
              SENSOR_WINDS
            </td>
            <td
              className="edit">
              <a
                className="btn"
                onClick={[Function]}>
                <svg>
                  <use
                    className="logo_update"
                    height="200"
                    transform="scale(0.075,0.075)"
                    viewBox="1 -2 20 20"
                    width="200"
                    x="0"
                    xlinkHref="#logo_update"
                    y="0" />
                </svg>
                <span
                  className="update">
                  修改
                </span>
              </a>
              <a
                className="btn"
                onClick={[Function]}>
                <svg>
                  <use
                    className="logo_del"
                    height="200"
                    transform="scale(0.08,0.08)"
                    viewBox="1 -2 20 20"
                    width="200"
                    x="0"
                    xlinkHref="#logo_del"
                    y="0" />
                </svg>
                <span
                  className="del">
                  删除
                </span>
              </a>
            </td>
          </tr>
        </tbody>
      </table>
    </div>
    <div
      className="pagination">
      <ul
        className="rc-pagination hidden"
        style={Object {}}
        unselectable="unselectable">
        <li
          aria-disabled={true}
          className="rc-pagination-disabled rc-pagination-prev"
          onClick={[Function]}
          onKeyPress={[Function]}
          tabIndex="0"
          title="上一页">
          <a>
            
          </a>
        </li>
        <li
          aria-disabled={true}
          className="rc-pagination-disabled rc-pagination-next"
          onClick={[Function]}
          onKeyPress={[Function]}
          tabIndex="0"
          title="下一页">
          <a>
            
          </a>
        </li>
        <div
          className="rc-pagination-options" />
      </ul>
    </div>
  </div>
</div>
`;
