exports[`test MapView renders 1`] = `
<div
  className="map-view "
  id="map" />
`;
