exports[`test Select renders 1`] = `
<select
  className="select  form-control"
  id=""
  onChange={[Function]}
  placeholder={undefined}
  value="域">
  <option
    value="域">
    域
  </option>
  <option
    value="域2">
    域2
  </option>
</select>
`;
