exports[`test DomainEdit renders 1`] = `
<div
  className="content offset-right list-mode ">
  <div
    className="heading">
    <div
      className="searchText "
      onBlur={[Function]}
      onFocus={[Function]}
      onKeyDown={[Function]}>
      <input
        onChange={[Function]}
        placeholder="输入域名称"
        type="search"
        value="" />
      <ul
        className="" />
      <span
        className="glyphicon glyphicon-search"
        onClick={[Function]} />
    </div>
    <button
      className="btn btn-default add-domain"
      onClick={[Function]}>
      添加
    </button>
  </div>
  <div
    className="list-mode">
    <div
      className="table-container">
      <div
        className="table-responsive ">
        <table
          className="table table-hover">
          <thead>
            <tr>
              <th
                className="hidden">
                <input
                  checked={undefined}
                  onChange={[Function]}
                  type="checkbox" />
              </th>
              <th>
                域名称
              </th>
              <th>
                上级域
              </th>
            </tr>
          </thead>
          <tbody />
        </table>
      </div>
      <ul
        className="rc-pagination page hidden"
        style={Object {}}
        unselectable="unselectable">
        <li
          aria-disabled={true}
          className="rc-pagination-disabled rc-pagination-prev"
          onClick={[Function]}
          onKeyPress={[Function]}
          tabIndex="0"
          title="上一页">
          <a>
            
          </a>
        </li>
        <li
          aria-disabled={true}
          className="rc-pagination-disabled rc-pagination-next"
          onClick={[Function]}
          onKeyPress={[Function]}
          tabIndex="0"
          title="下一页">
          <a>
            
          </a>
        </li>
        <div
          className="rc-pagination-options" />
      </ul>
    </div>
  </div>
  <div
    className="container-fluid sidebar-info ">
    <div
      className="row collapse-container"
      onClick={[Function]}>
      <span
        className="icon_verital" />
    </div>
    <div
      className="panel panel-default device-statics-info">
      <div
        className="panel-heading">
        <span
          className="icon_domain_property" />
        域属性
      </div>
      <div
        className="panel-body domain-property">
        <span
          className="domain-name">
          
        </span>
        <button
          className="btn btn-primary pull-right"
          disabled={true}
          onClick={[Function]}>
          编辑
        </button>
        <button
          className="btn btn-danger pull-right"
          disabled={true}
          onClick={[Function]}>
          删除
        </button>
      </div>
    </div>
    <div
      className="panel panel-default map-position">
      <div
        className="panel-heading">
        <span
          className="icon_map_position" />
        地图位置
      </div>
      <div
        className="map-container panel-body">
        <div
          className="map-view "
          id="domain" />
      </div>
    </div>
  </div>
</div>
`;
