exports[`test renders Scene 1`] = `
<div
  className="content ">
  <div
    className="heading">
    <select
      className="select sort form-control"
      id=""
      onChange={[Function]}
      placeholder="排序"
      value="场景序号">
      <option
        value="场景序号">
        场景序号
      </option>
      <option
        value="设备多少">
        设备多少
      </option>
    </select>
    <div
      className="searchText search"
      onBlur={[Function]}
      onFocus={[Function]}
      onKeyDown={[Function]}>
      <input
        className="form-control"
        onChange={[Function]}
        placeholder="输入场景名称"
        type="search"
        value="" />
      <ul
        className="" />
      <span
        className="glyphicon glyphicon-search"
        onClick={[Function]} />
    </div>
  </div>
  <div
    className="screen-container">
    <div
      className="scroll-container" />
  </div>
  <ul
    className="rc-pagination page hidden"
    style={Object {}}
    unselectable="unselectable">
    <li
      aria-disabled={true}
      className="rc-pagination-disabled rc-pagination-prev"
      onClick={[Function]}
      onKeyPress={[Function]}
      tabIndex="0"
      title="上一页">
      <a>
        
      </a>
    </li>
    <li
      aria-disabled={true}
      className="rc-pagination-disabled rc-pagination-next"
      onClick={[Function]}
      onKeyPress={[Function]}
      tabIndex="0"
      title="下一页">
      <a>
        
      </a>
    </li>
    <div
      className="rc-pagination-options" />
  </ul>
</div>
`;
