exports[`test renders Scene 1`] = `
<div
  className="content device-state-chart">
  <div
    className="col-sm-6 monitor">
    <div
      className="heading">
      网关
    </div>
    <div
      className="body statistics-container">
      <div
        className="progress-container">
        <span
          className="title">
          故障/总数
        </span>
        <div
          className="progress fault">
          <div
            aria-valuemax={300}
            aria-valuemin={0}
            aria-valuenow={30}
            className="progress-bar "
            role="progressbar"
            style={
              Object {
                "width": "10%",
              }
            }>
            30/300
          </div>
        </div>
      </div>
      <div
        className="progress-container">
        <span
          className="title">
          在线/总数
        </span>
        <div
          className="progress online">
          <div
            aria-valuemax={300}
            aria-valuemin={0}
            aria-valuenow={120}
            className="progress-bar "
            role="progressbar"
            style={
              Object {
                "width": "40%",
              }
            }>
            120/300
          </div>
        </div>
      </div>
    </div>
    <div
      className="footer">
      <span
        className="left">
        0
      </span>
      <span
        className="right">
        100%
      </span>
    </div>
  </div>
  <div
    className="col-sm-6 monitor">
    <div
      className="heading">
      单灯控制器
    </div>
    <div
      className="body statistics-container">
      <div
        className="progress-container">
        <span
          className="title">
          故障/总数
        </span>
        <div
          className="progress fault">
          <div
            aria-valuemax={300}
            aria-valuemin={0}
            aria-valuenow={30}
            className="progress-bar "
            role="progressbar"
            style={
              Object {
                "width": "10%",
              }
            }>
            30/300
          </div>
        </div>
      </div>
      <div
        className="progress-container">
        <span
          className="title">
          在线/总数
        </span>
        <div
          className="progress online">
          <div
            aria-valuemax={300}
            aria-valuemin={0}
            aria-valuenow={120}
            className="progress-bar "
            role="progressbar"
            style={
              Object {
                "width": "40%",
              }
            }>
            120/300
          </div>
        </div>
      </div>
      <div
        className="progress-container">
        <span
          className="title">
          亮灯率
        </span>
        <div
          className="progress lightRate">
          <div
            aria-valuemax={300}
            aria-valuemin={0}
            aria-valuenow={150}
            className="progress-bar "
            role="progressbar"
            style={
              Object {
                "width": "50%",
              }
            }>
            50%
          </div>
        </div>
      </div>
    </div>
    <div
      className="footer">
      <span
        className="left">
        0
      </span>
      <span
        className="right">
        100%
      </span>
    </div>
  </div>
  <div
    className="col-sm-6 monitor">
    <div
      className="heading">
      显示屏
    </div>
    <div
      className="body statistics-container">
      <div
        className="progress-container">
        <span
          className="title">
          故障/总数
        </span>
        <div
          className="progress fault">
          <div
            aria-valuemax={300}
            aria-valuemin={0}
            aria-valuenow={30}
            className="progress-bar "
            role="progressbar"
            style={
              Object {
                "width": "10%",
              }
            }>
            30/300
          </div>
        </div>
      </div>
      <div
        className="progress-container">
        <span
          className="title">
          在线/总数
        </span>
        <div
          className="progress online">
          <div
            aria-valuemax={300}
            aria-valuemin={0}
            aria-valuenow={120}
            className="progress-bar "
            role="progressbar"
            style={
              Object {
                "width": "40%",
              }
            }>
            120/300
          </div>
        </div>
      </div>
    </div>
    <div
      className="footer">
      <span
        className="left">
        0
      </span>
      <span
        className="right">
        100%
      </span>
    </div>
  </div>
  <div
    className="col-sm-6 monitor">
    <div
      className="heading">
      数据采集仪
    </div>
    <div
      className="body statistics-container">
      <div
        className="progress-container">
        <span
          className="title">
          故障/总数
        </span>
        <div
          className="progress fault">
          <div
            aria-valuemax={300}
            aria-valuemin={0}
            aria-valuenow={30}
            className="progress-bar "
            role="progressbar"
            style={
              Object {
                "width": "10%",
              }
            }>
            30/300
          </div>
        </div>
      </div>
      <div
        className="progress-container">
        <span
          className="title">
          在线/总数
        </span>
        <div
          className="progress online">
          <div
            aria-valuemax={300}
            aria-valuemin={0}
            aria-valuenow={120}
            className="progress-bar "
            role="progressbar"
            style={
              Object {
                "width": "40%",
              }
            }>
            120/300
          </div>
        </div>
      </div>
    </div>
    <div
      className="footer">
      <span
        className="left">
        0
      </span>
      <span
        className="right">
        100%
      </span>
    </div>
  </div>
</div>
`;
